// Jest Snapshot v1, https://goo.gl/fbAQLP

exports[`QuestionList snapshot 1 1`] = `
<div
  className="question-list"
  data-testid="question-list"
/>
`;

exports[`QuestionList snapshot 2 1`] = `
<div
  className="question-list"
  data-testid="question-list"
>
  <div
    className="question-section"
  >
    <div
      className="question-main"
    >
      <h3
        className="question-body"
      >
        Q: 
        Test 1?
         
      </h3>
      <div
        className="question-toolbar"
      >
        <span>
          <span>
             Helpful? 
            <button
              className="link-style-btn"
              onClick={[Function]}
            >
              Yes
            </button>
             (
            10
            )
          </span>
           | 
          <button
            className="link-style-btn"
            onClick={[Function]}
          >
            Add Answer
          </button>
        </span>
      </div>
    </div>
    <div
      className="answer-component"
    >
      <h3>
        A:
      </h3>
      <div>
        <span>
          This question currently has no answers
        </span>
      </div>
    </div>
  </div>
  <div
    className="question-section"
  >
    <div
      className="question-main"
    >
      <h3
        className="question-body"
      >
        Q: 
        Test 2?
         
      </h3>
      <div
        className="question-toolbar"
      >
        <span>
          <span>
             Helpful? 
            <button
              className="link-style-btn"
              onClick={[Function]}
            >
              Yes
            </button>
             (
            10
            )
          </span>
           | 
          <button
            className="link-style-btn"
            onClick={[Function]}
          >
            Add Answer
          </button>
        </span>
      </div>
    </div>
    <div
      className="answer-component"
    >
      <h3>
        A:
      </h3>
      <div>
        <span>
          This question currently has no answers
        </span>
      </div>
    </div>
  </div>
</div>
`;
